ubsan error: ../../libraries/AP_Param/AP_Param.cpp:1496:32 float-cast-overflow:65535 is outside the range of representable values of type 'short int'
ubsan error: ../../libraries/AP_Param/AP_Param.cpp:1496:32 float-cast-overflow:65535 is outside the range of representable values of type 'short int'
ubsan error: ../../libraries/AP_Vehicle/AP_Vehicle.cpp:297:49 null-pointer-use:Reference binding to null pointer of type 'struct AP_Vehicle'
ubsan error: ../../libraries/AP_Vehicle/AP_Vehicle.cpp:615:5 null-pointer-use:Member access within null pointer of type 'struct AP_Vehicle'
ubsan error: ../../libraries/AP_Vehicle/AP_Vehicle.cpp:618:5 null-pointer-use:Member access within null pointer of type 'struct AP_Vehicle'
ubsan error: ../../libraries/AP_Vehicle/AP_Vehicle.cpp:623:5 null-pointer-use:Member access within null pointer of type 'struct AP_Vehicle'
ubsan error: ../../libraries/AP_Vehicle/AP_Vehicle.cpp:625:5 null-pointer-use:Member access within null pointer of type 'struct AP_Vehicle'
ubsan error: ../../libraries/AP_Vehicle/AP_Vehicle.cpp:628:5 null-pointer-use:Member access within null pointer of type 'struct AP_Vehicle'
ubsan error: ../../libraries/AP_Vehicle/AP_Vehicle.cpp:629:5 null-pointer-use:Member access within null pointer of type 'struct AP_Vehicle'
ubsan error: ../../libraries/AP_Vehicle/AP_Vehicle.cpp:635:5 null-pointer-use:Member access within null pointer of type 'struct AP_Vehicle'
ubsan error: ../../libraries/AP_Vehicle/AP_Vehicle.cpp:638:5 null-pointer-use:Member access within null pointer of type 'struct AP_Vehicle'
ubsan error: ../../libraries/AP_Vehicle/AP_Vehicle.cpp:644:5 null-pointer-use:Member access within null pointer of type 'struct AP_Vehicle'
ubsan error: ../../libraries/AP_Vehicle/AP_Vehicle.cpp:647:5 null-pointer-use:Member access within null pointer of type 'struct AP_Vehicle'
ubsan error: ../../libraries/AP_Vehicle/AP_Vehicle.cpp:650:5 null-pointer-use:Member access within null pointer of type 'struct AP_Vehicle'
ubsan error: ../../libraries/AP_Vehicle/AP_Vehicle.cpp:653:5 null-pointer-use:Member access within null pointer of type 'struct AP_Vehicle'
ubsan error: ../../libraries/AP_Vehicle/AP_Vehicle.cpp:656:5 null-pointer-use:Member access within null pointer of type 'struct AP_Vehicle'
ubsan error: ../../libraries/AP_Vehicle/AP_Vehicle.cpp:659:5 null-pointer-use:Member access within null pointer of type 'struct AP_Vehicle'
ubsan error: ../../libraries/AP_Vehicle/AP_Vehicle.cpp:665:5 null-pointer-use:Member access within null pointer of type 'struct AP_Vehicle'
ubsan error: ../../libraries/AP_Vehicle/AP_Vehicle.cpp:671:5 null-pointer-use:Member access within null pointer of type 'struct AP_Vehicle'
ubsan error: ../../libraries/AP_Vehicle/AP_Vehicle.cpp:674:5 null-pointer-use:Member access within null pointer of type 'struct AP_Vehicle'
ubsan error: ../../libraries/AP_Vehicle/AP_Vehicle.cpp:677:5 null-pointer-use:Member access within null pointer of type 'struct AP_Vehicle'
ubsan error: ../../libraries/AP_Vehicle/AP_Vehicle.cpp:680:5 null-pointer-use:Member access within null pointer of type 'struct AP_Vehicle'
ubsan error: ../../libraries/AP_Vehicle/AP_Vehicle.cpp:687:5 null-pointer-use:Member access within null pointer of type 'struct AP_Vehicle'
ubsan error: ../../libraries/AP_Vehicle/AP_Vehicle.cpp:690:5 null-pointer-use:Member access within null pointer of type 'struct AP_Vehicle'
ubsan error: ../../libraries/AP_ExternalAHRS/AP_ExternalAHRS.cpp:467:43 null-pointer-use:Reference binding to null pointer of type 'struct AP_ExternalAHRS'
ubsan error: ../../libraries/AP_InertialSensor/AP_InertialSensor.cpp:1200:59 null-pointer-use:Member call on null pointer of type 'struct AP_ExternalAHRS'
ubsan error: ../../libraries/AP_ExternalAHRS/AP_ExternalAHRS.cpp:146:10 null-pointer-use:Member access within null pointer of type 'const struct AP_ExternalAHRS'
